✅ Bracket : (loop) Ok
✅ Bracket : (trefoil) Ok
✅ Writhe : (loop) Ok
✅ Writhe : (trefoil) Ok
✅ Writhe : (figure eight) Ok
✅ Jones : (loop) Ok
✅ Jones : (miller institute) Ok
